\BOOKMARK [0][-]{Doc-Start}{\376\377\000T\000a\000b\000l\000e\000\040\000d\000e\000s\000\040\000M\000a\000t\000i\000\350\000r\000e\000s}{}% 1
\BOOKMARK [0][-]{Doc-Start}{\376\377\000L\000i\000s\000t\000e\000\040\000d\000e\000s\000\040\000F\000i\000g\000u\000r\000e\000s}{}% 2
\BOOKMARK [0][-]{Doc-Start}{\376\377\000L\000i\000s\000t\000e\000\040\000d\000e\000s\000\040\000T\000a\000b\000l\000e\000a\000u\000x}{}% 3
\BOOKMARK [0][-]{Doc-Start}{\376\377\000I\000n\000t\000r\000o\000d\000u\000c\000t\000i\000o\000n\000\040\000G\000\351\000n\000\351\000r\000a\000l\000e}{}% 4
\BOOKMARK [0][-]{chapter.1}{\376\377\000C\000o\000n\000t\000e\000x\000t\000e\000\040\000G\000\351\000n\000\351\000r\000a\000l}{}% 5
\BOOKMARK [1][-]{section.1.1}{\376\377\000O\000r\000g\000a\000n\000i\000s\000m\000e\000\040\000d\000'\000a\000c\000c\000u\000e\000i\000l\000\040\000:\000\040\000G\000r\000o\000w\000\040\000U\000p\000\040\000T\000e\000c\000h\000n\000o\000l\000o\000g\000i\000e\000s}{chapter.1}% 6
\BOOKMARK [1][-]{section.1.2}{\376\377\000P\000r\000\351\000s\000e\000n\000t\000a\000t\000i\000o\000n\000\040\000d\000u\000\040\000P\000r\000o\000j\000e\000t}{chapter.1}% 7
\BOOKMARK [2][-]{subsection.1.2.1}{\376\377\000A\000n\000a\000l\000y\000s\000e\000\040\000d\000e\000\040\000l\000'\000E\000x\000i\000s\000t\000a\000n\000t}{section.1.2}% 8
\BOOKMARK [2][-]{subsection.1.2.2}{\376\377\000\311\000t\000a\000t\000\040\000d\000e\000\040\000l\000'\000a\000r\000t\000\040\000:\000\040\000L\000e\000\040\000m\000a\000r\000c\000h\000\351\000\040\000d\000e\000\040\000l\000a\000\040\000g\000e\000s\000t\000i\000o\000n\000\040\000R\000H\000\040\000e\000t\000\040\000p\000a\000i\000e\000\040\000e\000n\000\040\000T\000u\000n\000i\000s\000i\000e}{section.1.2}% 9
\BOOKMARK [2][-]{subsection.1.2.3}{\376\377\000C\000o\000m\000p\000a\000r\000a\000i\000s\000o\000n\000\040\000a\000v\000e\000c\000\040\000l\000'\000e\000x\000i\000s\000t\000a\000n\000t}{section.1.2}% 10
\BOOKMARK [2][-]{subsection.1.2.4}{\376\377\000S\000o\000l\000u\000t\000i\000o\000n\000\040\000P\000r\000o\000p\000o\000s\000\351\000e\000\040\000:\000\040\000L\000a\000\040\000P\000l\000a\000t\000e\000f\000o\000r\000m\000e\000\040\000P\000a\000i\000e\000Z\000o\000n\000e\000\040\000R\000H}{section.1.2}% 11
\BOOKMARK [1][-]{section.1.3}{\376\377\000D\000\351\000m\000a\000r\000c\000h\000e\000\040\000A\000d\000o\000p\000t\000\351\000e}{chapter.1}% 12
\BOOKMARK [2][-]{subsection.1.3.1}{\376\377\000C\000h\000o\000i\000x\000\040\000d\000u\000\040\000c\000a\000d\000r\000e\000\040\000m\000\351\000t\000h\000o\000d\000o\000l\000o\000g\000i\000q\000u\000e}{section.1.3}% 13
\BOOKMARK [2][-]{subsection.1.3.2}{\376\377\000P\000r\000\351\000s\000e\000n\000t\000a\000t\000i\000o\000n\000\040\000d\000e\000\040\000S\000c\000r\000u\000m}{section.1.3}% 14
\BOOKMARK [2][-]{subsection.1.3.3}{\376\377\000R\000a\000i\000s\000o\000n\000s\000\040\000d\000u\000\040\000c\000h\000o\000i\000x\000\040\000d\000e\000\040\000S\000c\000r\000u\000m}{section.1.3}% 15
\BOOKMARK [2][-]{subsection.1.3.4}{\376\377\000L\000e\000s\000\040\000r\000\364\000l\000e\000s\000\040\000S\000c\000r\000u\000m}{section.1.3}% 16
\BOOKMARK [1][-]{section.1.4}{\376\377\000L\000a\000n\000g\000a\000g\000e\000\040\000d\000e\000\040\000m\000o\000d\000\351\000l\000i\000s\000a\000t\000i\000o\000n\000\040\000U\000M\000L}{chapter.1}% 17
\BOOKMARK [0][-]{chapter.2}{\376\377\000A\000n\000a\000l\000y\000s\000e\000\040\000e\000t\000\040\000p\000l\000a\000n\000i\000f\000i\000c\000a\000t\000i\000o\000n\000\040\000d\000u\000\040\000p\000r\000o\000j\000e\000t}{}% 18
\BOOKMARK [1][-]{section.2.1}{\376\377\000I\000d\000e\000n\000t\000i\000f\000i\000c\000a\000t\000i\000o\000n\000\040\000d\000e\000s\000\040\000a\000c\000t\000e\000u\000r\000s}{chapter.2}% 19
\BOOKMARK [1][-]{section.2.2}{\376\377\000S\000p\000\351\000c\000i\000f\000i\000c\000a\000t\000i\000o\000n\000\040\000d\000e\000s\000\040\000b\000e\000s\000o\000i\000n\000s}{chapter.2}% 20
\BOOKMARK [2][-]{subsection.2.2.1}{\376\377\000B\000e\000s\000o\000i\000n\000s\000\040\000f\000o\000n\000c\000t\000i\000o\000n\000n\000e\000l\000s}{section.2.2}% 21
\BOOKMARK [2][-]{subsection.2.2.2}{\376\377\000B\000e\000s\000o\000i\000n\000s\000\040\000n\000o\000n\000\040\000f\000o\000n\000c\000t\000i\000o\000n\000n\000e\000l\000s}{section.2.2}% 22
\BOOKMARK [1][-]{section.2.3}{\376\377\000P\000i\000l\000o\000t\000a\000g\000e\000\040\000d\000u\000\040\000p\000r\000o\000j\000e\000t\000\040\000a\000v\000e\000c\000\040\000S\000c\000r\000u\000m}{chapter.2}% 23
\BOOKMARK [2][-]{subsection.2.3.1}{\376\377\000\311\000q\000u\000i\000p\000e\000\040\000e\000t\000\040\000r\000\364\000l\000e\000s\000\040\000S\000c\000r\000u\000m}{section.2.3}% 24
\BOOKMARK [1][-]{section.2.4}{\376\377\000B\000a\000c\000k\000l\000o\000g\000\040\000d\000u\000\040\000P\000r\000o\000d\000u\000i\000t}{chapter.2}% 25
\BOOKMARK [1][-]{section.2.5}{\376\377\000D\000i\000a\000g\000r\000a\000m\000m\000e\000\040\000d\000e\000\040\000c\000a\000s\000\040\000d\000'\000u\000t\000i\000l\000i\000s\000a\000t\000i\000o\000n\000\040\000g\000l\000o\000b\000a\000l}{chapter.2}% 26
\BOOKMARK [1][-]{section.2.6}{\376\377\000P\000l\000a\000n\000i\000f\000i\000c\000a\000t\000i\000o\000n\000\040\000p\000r\000\351\000l\000i\000m\000i\000n\000a\000i\000r\000e\000\040\000d\000e\000s\000\040\000s\000p\000r\000i\000n\000t\000s}{chapter.2}% 27
\BOOKMARK [1][-]{section.2.7}{\376\377\000E\000n\000v\000i\000r\000o\000n\000n\000e\000m\000e\000n\000t\000\040\000d\000e\000\040\000t\000r\000a\000v\000a\000i\000l}{chapter.2}% 28
\BOOKMARK [2][-]{subsection.2.7.1}{\376\377\000E\000n\000v\000i\000r\000o\000n\000n\000e\000m\000e\000n\000t\000\040\000m\000a\000t\000\351\000r\000i\000e\000l}{section.2.7}% 29
\BOOKMARK [2][-]{subsection.2.7.2}{\376\377\000E\000n\000v\000i\000r\000o\000n\000n\000e\000m\000e\000n\000t\000\040\000l\000o\000g\000i\000c\000i\000e\000l}{section.2.7}% 30
\BOOKMARK [1][-]{section.2.8}{\376\377\000A\000r\000c\000h\000i\000t\000e\000c\000t\000u\000r\000e\000\040\000d\000u\000\040\000p\000r\000o\000j\000e\000t}{chapter.2}% 31
\BOOKMARK [2][-]{subsection.2.8.1}{\376\377\000A\000r\000c\000h\000i\000t\000e\000c\000t\000u\000r\000e\000\040\000p\000h\000y\000s\000i\000q\000u\000e\000\040\000\050\000d\000\351\000p\000l\000o\000i\000e\000m\000e\000n\000t\000\051}{section.2.8}% 32
\BOOKMARK [2][-]{subsection.2.8.2}{\376\377\000A\000r\000c\000h\000i\000t\000e\000c\000t\000u\000r\000e\000\040\000l\000o\000g\000i\000q\000u\000e\000\040\000d\000u\000\040\000s\000y\000s\000t\000\350\000m\000e}{section.2.8}% 33
\BOOKMARK [0][-]{chapter.3}{\376\377\000\311\000t\000u\000d\000e\000\040\000e\000t\000\040\000R\000\351\000a\000l\000i\000s\000a\000t\000i\000o\000n\000\040\000d\000u\000\040\000P\000r\000e\000m\000i\000e\000r\000\040\000S\000p\000r\000i\000n\000t}{}% 34
\BOOKMARK [1][-]{Item.19}{\376\377\000I\000n\000t\000r\000o\000d\000u\000c\000t\000i\000o\000n}{chapter.3}% 35
\BOOKMARK [1][-]{section.3.1}{\376\377\000U\000s\000e\000r\000\040\000S\000t\000o\000r\000i\000e\000s\000\040\000d\000u\000\040\000p\000r\000e\000m\000i\000e\000r\000\040\000s\000p\000r\000i\000n\000t}{chapter.3}% 36
\BOOKMARK [1][-]{section.3.2}{\376\377\000B\000a\000c\000k\000l\000o\000g\000\040\000d\000u\000\040\000p\000r\000e\000m\000i\000e\000r\000\040\000S\000p\000r\000i\000n\000t}{chapter.3}% 37
\BOOKMARK [1][-]{section.3.3}{\376\377\000S\000p\000\351\000c\000i\000f\000i\000c\000a\000t\000i\000o\000n\000\040\000f\000o\000n\000c\000t\000i\000o\000n\000n\000e\000l\000l\000e\000\040\000d\000u\000\040\000p\000r\000e\000m\000i\000e\000r\000\040\000S\000p\000r\000i\000n\000t}{chapter.3}% 38
\BOOKMARK [2][-]{subsection.3.3.1}{\376\377\000D\000i\000a\000g\000r\000a\000m\000m\000e\000\040\000d\000e\000\040\000c\000a\000s\000\040\000d\000'\000u\000t\000i\000l\000i\000s\000a\000t\000i\000o\000n\000\040\000d\000u\000\040\000p\000r\000e\000m\000i\000e\000r\000\040\000S\000p\000r\000i\000n\000t}{section.3.3}% 39
\BOOKMARK [2][-]{subsection.3.3.2}{\376\377\000D\000e\000s\000c\000r\000i\000p\000t\000i\000o\000n\000\040\000t\000e\000x\000t\000u\000e\000l\000l\000e\000\040\000d\000e\000s\000\040\000c\000a\000s\000\040\000d\000'\000u\000t\000i\000l\000i\000s\000a\000t\000i\000o\000n}{section.3.3}% 40
\BOOKMARK [1][-]{section.3.4}{\376\377\000C\000o\000n\000c\000e\000p\000t\000i\000o\000n\000\040\000d\000u\000\040\000p\000r\000e\000m\000i\000e\000r\000\040\000S\000p\000r\000i\000n\000t}{chapter.3}% 41
\BOOKMARK [2][-]{subsection.3.4.1}{\376\377\000D\000i\000a\000g\000r\000a\000m\000m\000e\000\040\000d\000e\000\040\000c\000l\000a\000s\000s\000e\000s}{section.3.4}% 42
\BOOKMARK [2][-]{subsection.3.4.2}{\376\377\000D\000i\000a\000g\000r\000a\000m\000m\000e\000s\000\040\000d\000e\000\040\000s\000\351\000q\000u\000e\000n\000c\000e\000s}{section.3.4}% 43
\BOOKMARK [1][-]{section.3.5}{\376\377\000R\000\351\000a\000l\000i\000s\000a\000t\000i\000o\000n\000\040\000d\000u\000\040\000p\000r\000e\000m\000i\000e\000r\000\040\000S\000p\000r\000i\000n\000t}{chapter.3}% 44
\BOOKMARK [2][-]{subsection.3.5.1}{\376\377\000I\000n\000s\000c\000r\000i\000p\000t\000i\000o\000n\000\040\000e\000t\000\040\000i\000n\000i\000t\000i\000a\000l\000i\000s\000a\000t\000i\000o\000n\000\040\000d\000e\000\040\000l\000'\000e\000s\000p\000a\000c\000e\000\040\000s\000o\000c\000i\000\351\000t\000\351}{section.3.5}% 45
\BOOKMARK [2][-]{subsection.3.5.2}{\376\377\000A\000u\000t\000h\000e\000n\000t\000i\000f\000i\000c\000a\000t\000i\000o\000n\000\040\000e\000t\000\040\000a\000c\000c\000\350\000s}{section.3.5}% 46
\BOOKMARK [2][-]{subsection.3.5.3}{\376\377\000G\000e\000s\000t\000i\000o\000n\000\040\000d\000e\000s\000\040\000u\000t\000i\000l\000i\000s\000a\000t\000e\000u\000r\000s}{section.3.5}% 47
\BOOKMARK [2][-]{subsection.3.5.4}{\376\377\000J\000o\000u\000r\000n\000a\000l\000\040\000d\000'\000a\000u\000d\000i\000t}{section.3.5}% 48
\BOOKMARK [2][-]{subsection.3.5.5}{\376\377\000G\000e\000s\000t\000i\000o\000n\000\040\000O\000r\000g\000a\000n\000i\000s\000a\000t\000i\000o\000n\000n\000e\000l\000l\000e}{section.3.5}% 49
\BOOKMARK [1][-]{section.3.6}{\376\377\000T\000e\000s\000t\000s\000\040\000e\000t\000\040\000V\000a\000l\000i\000d\000a\000t\000i\000o\000n}{chapter.3}% 50
\BOOKMARK [2][-]{subsection.3.6.1}{\376\377\000P\000l\000a\000n\000\040\000d\000e\000\040\000t\000e\000s\000t\000s}{section.3.6}% 51
\BOOKMARK [1][-]{section.3.7}{\376\377\000R\000i\000t\000u\000e\000l\000s\000\040\000A\000g\000i\000l\000e\000s\000\040\000e\000t\000\040\000C\000l\000\364\000t\000u\000r\000e\000\040\000d\000u\000\040\000S\000p\000r\000i\000n\000t}{chapter.3}% 52
\BOOKMARK [2][-]{subsection.3.7.1}{\376\377\000R\000e\000v\000u\000e\000\040\000d\000u\000\040\000S\000p\000r\000i\000n\000t\000\040\000\050\000S\000p\000r\000i\000n\000t\000\040\000R\000e\000v\000i\000e\000w\000\051}{section.3.7}% 53
\BOOKMARK [2][-]{subsection.3.7.2}{\376\377\000R\000\351\000t\000r\000o\000s\000p\000e\000c\000t\000i\000v\000e\000\040\000d\000u\000\040\000S\000p\000r\000i\000n\000t\000\040\000\050\000S\000p\000r\000i\000n\000t\000\040\000R\000e\000t\000r\000o\000s\000p\000e\000c\000t\000i\000v\000e\000\051}{section.3.7}% 54
\BOOKMARK [1][-]{subsection.3.7.2}{\376\377\000C\000o\000n\000c\000l\000u\000s\000i\000o\000n}{chapter.3}% 55
\BOOKMARK [0][-]{chapter.4}{\376\377\000\311\000t\000u\000d\000e\000\040\000e\000t\000\040\000R\000\351\000a\000l\000i\000s\000a\000t\000i\000o\000n\000\040\000d\000u\000\040\000D\000e\000u\000x\000i\000\350\000m\000e\000\040\000S\000p\000r\000i\000n\000t}{}% 56
\BOOKMARK [1][-]{Item.44}{\376\377\000I\000n\000t\000r\000o\000d\000u\000c\000t\000i\000o\000n}{chapter.4}% 57
\BOOKMARK [1][-]{section.4.1}{\376\377\000U\000s\000e\000r\000\040\000S\000t\000o\000r\000i\000e\000s\000\040\000d\000u\000\040\000d\000e\000u\000x\000i\000\350\000m\000e\000\040\000s\000p\000r\000i\000n\000t}{chapter.4}% 58
\BOOKMARK [1][-]{section.4.2}{\376\377\000B\000a\000c\000k\000l\000o\000g\000\040\000d\000u\000\040\000d\000e\000u\000x\000i\000\350\000m\000e\000\040\000S\000p\000r\000i\000n\000t}{chapter.4}% 59
\BOOKMARK [1][-]{section.4.3}{\376\377\000S\000p\000\351\000c\000i\000f\000i\000c\000a\000t\000i\000o\000n\000\040\000f\000o\000n\000c\000t\000i\000o\000n\000n\000e\000l\000l\000e\000\040\000d\000u\000\040\000d\000e\000u\000x\000i\000\350\000m\000e\000\040\000S\000p\000r\000i\000n\000t}{chapter.4}% 60
\BOOKMARK [2][-]{subsection.4.3.1}{\376\377\000D\000i\000a\000g\000r\000a\000m\000m\000e\000\040\000d\000e\000\040\000c\000a\000s\000\040\000d\000'\000u\000t\000i\000l\000i\000s\000a\000t\000i\000o\000n\000\040\000d\000u\000\040\000d\000e\000u\000x\000i\000\350\000m\000e\000\040\000S\000p\000r\000i\000n\000t}{section.4.3}% 61
\BOOKMARK [2][-]{subsection.4.3.2}{\376\377\000D\000e\000s\000c\000r\000i\000p\000t\000i\000o\000n\000\040\000t\000e\000x\000t\000u\000e\000l\000l\000e\000\040\000d\000e\000s\000\040\000c\000a\000s\000\040\000d\000'\000u\000t\000i\000l\000i\000s\000a\000t\000i\000o\000n}{section.4.3}% 62
\BOOKMARK [1][-]{section.4.4}{\376\377\000C\000o\000n\000c\000e\000p\000t\000i\000o\000n\000\040\000d\000u\000\040\000d\000e\000u\000x\000i\000\350\000m\000e\000\040\000S\000p\000r\000i\000n\000t}{chapter.4}% 63
\BOOKMARK [2][-]{subsection.4.4.1}{\376\377\000D\000i\000a\000g\000r\000a\000m\000m\000e\000\040\000d\000e\000\040\000c\000l\000a\000s\000s\000e\000s}{section.4.4}% 64
\BOOKMARK [2][-]{subsection.4.4.2}{\376\377\000D\000i\000a\000g\000r\000a\000m\000m\000e\000s\000\040\000d\000e\000\040\000s\000\351\000q\000u\000e\000n\000c\000e\000s}{section.4.4}% 65
\BOOKMARK [1][-]{section.4.5}{\376\377\000\311\000t\000u\000d\000e\000\040\000e\000t\000\040\000r\000\351\000a\000l\000i\000s\000a\000t\000i\000o\000n\000\040\000d\000u\000\040\000d\000e\000u\000x\000i\000\350\000m\000e\000\040\000s\000p\000r\000i\000n\000t}{chapter.4}% 66
\BOOKMARK [2][-]{subsection.4.5.1}{\376\377\000G\000e\000s\000t\000i\000o\000n\000\040\000d\000e\000s\000\040\000e\000m\000p\000l\000o\000y\000\351\000s}{section.4.5}% 67
\BOOKMARK [2][-]{subsection.4.5.2}{\376\377\000G\000e\000s\000t\000i\000o\000n\000\040\000d\000e\000s\000\040\000c\000o\000n\000t\000r\000a\000t\000s\000\040\000d\000e\000\040\000t\000r\000a\000v\000a\000i\000l}{section.4.5}% 68
\BOOKMARK [2][-]{subsection.4.5.3}{\376\377\000G\000e\000s\000t\000i\000o\000n\000\040\000d\000e\000s\000\040\000d\000o\000c\000u\000m\000e\000n\000t\000s\000\040\000a\000d\000m\000i\000n\000i\000s\000t\000r\000a\000t\000i\000f\000s}{section.4.5}% 69
\BOOKMARK [1][-]{section.4.6}{\376\377\000T\000e\000s\000t\000s\000\040\000e\000t\000\040\000V\000a\000l\000i\000d\000a\000t\000i\000o\000n}{chapter.4}% 70
\BOOKMARK [2][-]{subsection.4.6.1}{\376\377\000P\000l\000a\000n\000\040\000d\000e\000\040\000t\000e\000s\000t\000s}{section.4.6}% 71
\BOOKMARK [1][-]{section.4.7}{\376\377\000R\000i\000t\000u\000e\000l\000s\000\040\000A\000g\000i\000l\000e\000s\000\040\000e\000t\000\040\000C\000l\000\364\000t\000u\000r\000e\000\040\000d\000u\000\040\000S\000p\000r\000i\000n\000t}{chapter.4}% 72
\BOOKMARK [2][-]{subsection.4.7.1}{\376\377\000R\000e\000v\000u\000e\000\040\000d\000u\000\040\000S\000p\000r\000i\000n\000t\000\040\000\050\000S\000p\000r\000i\000n\000t\000\040\000R\000e\000v\000i\000e\000w\000\051}{section.4.7}% 73
\BOOKMARK [2][-]{subsection.4.7.2}{\376\377\000R\000\351\000t\000r\000o\000s\000p\000e\000c\000t\000i\000v\000e\000\040\000d\000u\000\040\000S\000p\000r\000i\000n\000t\000\040\000\050\000S\000p\000r\000i\000n\000t\000\040\000R\000e\000t\000r\000o\000s\000p\000e\000c\000t\000i\000v\000e\000\051}{section.4.7}% 74
\BOOKMARK [1][-]{subsection.4.7.2}{\376\377\000C\000o\000n\000c\000l\000u\000s\000i\000o\000n}{chapter.4}% 75
\BOOKMARK [0][-]{chapter.5}{\376\377\000\311\000T\000U\000D\000E\000\040\000D\000U\000\040\000S\000P\000R\000I\000N\000T\000\040\0003}{}% 76
\BOOKMARK [1][-]{Item.74}{\376\377\000I\000n\000t\000r\000o\000d\000u\000c\000t\000i\000o\000n}{chapter.5}% 77
\BOOKMARK [1][-]{section.5.1}{\376\377\000U\000s\000e\000r\000\040\000S\000t\000o\000r\000i\000e\000s\000\040\000d\000u\000\040\000t\000r\000o\000i\000s\000i\000\350\000m\000e\000\040\000s\000p\000r\000i\000n\000t}{chapter.5}% 78
\BOOKMARK [1][-]{section.5.2}{\376\377\000B\000a\000c\000k\000l\000o\000g\000\040\000d\000u\000\040\000t\000r\000o\000i\000s\000i\000\350\000m\000e\000\040\000S\000p\000r\000i\000n\000t}{chapter.5}% 79
\BOOKMARK [1][-]{section.5.3}{\376\377\000S\000p\000\351\000c\000i\000f\000i\000c\000a\000t\000i\000o\000n\000\040\000f\000o\000n\000c\000t\000i\000o\000n\000n\000e\000l\000l\000e}{chapter.5}% 80
\BOOKMARK [2][-]{subsection.5.3.1}{\376\377\000D\000i\000a\000g\000r\000a\000m\000m\000e\000\040\000d\000e\000\040\000c\000a\000s\000\040\000d\000'\000u\000t\000i\000l\000i\000s\000a\000t\000i\000o\000n\000\040\000d\000u\000\040\000S\000p\000r\000i\000n\000t\000\040\0003}{section.5.3}% 81
\BOOKMARK [2][-]{subsection.5.3.2}{\376\377\000D\000e\000s\000c\000r\000i\000p\000t\000i\000o\000n\000\040\000t\000e\000x\000t\000u\000e\000l\000l\000e\000\040\000d\000e\000s\000\040\000c\000a\000s\000\040\000d\000'\000u\000t\000i\000l\000i\000s\000a\000t\000i\000o\000n}{section.5.3}% 82
\BOOKMARK [1][-]{section.5.4}{\376\377\000C\000o\000n\000c\000e\000p\000t\000i\000o\000n\000\040\000d\000u\000\040\000S\000p\000r\000i\000n\000t\000\040\0003}{chapter.5}% 83
\BOOKMARK [2][-]{subsection.5.4.1}{\376\377\000D\000i\000a\000g\000r\000a\000m\000m\000e\000\040\000d\000e\000\040\000c\000l\000a\000s\000s\000e\000s}{section.5.4}% 84
\BOOKMARK [2][-]{subsection.5.4.2}{\376\377\000D\000i\000a\000g\000r\000a\000m\000m\000e\000s\000\040\000d\000e\000\040\000s\000\351\000q\000u\000e\000n\000c\000e\000s}{section.5.4}% 85
\BOOKMARK [1][-]{section.5.5}{\376\377\000\311\000t\000u\000d\000e\000\040\000e\000t\000\040\000r\000\351\000a\000l\000i\000s\000a\000t\000i\000o\000n}{chapter.5}% 86
\BOOKMARK [2][-]{subsection.5.5.1}{\376\377\000G\000e\000s\000t\000i\000o\000n\000\040\000d\000e\000s\000\040\000p\000a\000r\000a\000m\000\350\000t\000r\000e\000s\000\040\000r\000\351\000g\000l\000e\000m\000e\000n\000t\000a\000i\000r\000e\000s}{section.5.5}% 87
\BOOKMARK [2][-]{subsection.5.5.2}{\376\377\000G\000e\000s\000t\000i\000o\000n\000\040\000d\000e\000s\000\040\000p\000\351\000r\000i\000o\000d\000e\000s\000\040\000d\000e\000\040\000p\000a\000i\000e}{section.5.5}% 88
\BOOKMARK [2][-]{subsection.5.5.3}{\376\377\000C\000a\000l\000c\000u\000l\000\040\000e\000t\000\040\000v\000i\000s\000u\000a\000l\000i\000s\000a\000t\000i\000o\000n\000\040\000d\000e\000s\000\040\000b\000u\000l\000l\000e\000t\000i\000n\000s\000\040\000d\000e\000\040\000p\000a\000i\000e}{section.5.5}% 89
\BOOKMARK [2][-]{subsection.5.5.4}{\376\377\000G\000e\000s\000t\000i\000o\000n\000\040\000d\000e\000s\000\040\000p\000r\000i\000m\000e\000s\000\040\000e\000t\000\040\000d\000e\000s\000\040\000a\000v\000a\000n\000c\000e\000s}{section.5.5}% 90
\BOOKMARK [2][-]{subsection.5.5.5}{\376\377\000G\000e\000s\000t\000i\000o\000n\000\040\000d\000e\000s\000\040\000c\000o\000n\000g\000\351\000s\000\040\000e\000t\000\040\000d\000e\000s\000\040\000a\000b\000s\000e\000n\000c\000e\000s}{section.5.5}% 91
\BOOKMARK [1][-]{section.5.6}{\376\377\000T\000e\000s\000t\000s\000\040\000e\000t\000\040\000V\000a\000l\000i\000d\000a\000t\000i\000o\000n}{chapter.5}% 92
\BOOKMARK [2][-]{subsection.5.6.1}{\376\377\000P\000l\000a\000n\000\040\000d\000e\000\040\000t\000e\000s\000t\000s}{section.5.6}% 93
\BOOKMARK [1][-]{section.5.7}{\376\377\000R\000i\000t\000u\000e\000l\000s\000\040\000A\000g\000i\000l\000e\000s\000\040\000e\000t\000\040\000C\000l\000\364\000t\000u\000r\000e\000\040\000d\000u\000\040\000S\000p\000r\000i\000n\000t}{chapter.5}% 94
\BOOKMARK [2][-]{subsection.5.7.1}{\376\377\000R\000e\000v\000u\000e\000\040\000d\000u\000\040\000S\000p\000r\000i\000n\000t\000\040\000\050\000S\000p\000r\000i\000n\000t\000\040\000R\000e\000v\000i\000e\000w\000\051}{section.5.7}% 95
\BOOKMARK [2][-]{subsection.5.7.2}{\376\377\000R\000\351\000t\000r\000o\000s\000p\000e\000c\000t\000i\000v\000e\000\040\000d\000u\000\040\000S\000p\000r\000i\000n\000t\000\040\000\050\000S\000p\000r\000i\000n\000t\000\040\000R\000e\000t\000r\000o\000s\000p\000e\000c\000t\000i\000v\000e\000\051}{section.5.7}% 96
\BOOKMARK [1][-]{subsection.5.7.2}{\376\377\000C\000o\000n\000c\000l\000u\000s\000i\000o\000n}{chapter.5}% 97
\BOOKMARK [0][-]{chapter.6}{\376\377\000\311\000T\000U\000D\000E\000\040\000D\000U\000\040\000S\000P\000R\000I\000N\000T\000\040\0004}{}% 98
\BOOKMARK [1][-]{Item.102}{\376\377\000I\000n\000t\000r\000o\000d\000u\000c\000t\000i\000o\000n}{chapter.6}% 99
\BOOKMARK [1][-]{section.6.1}{\376\377\000U\000s\000e\000r\000\040\000S\000t\000o\000r\000i\000e\000s\000\040\000d\000u\000\040\000q\000u\000a\000t\000r\000i\000\350\000m\000e\000\040\000s\000p\000r\000i\000n\000t}{chapter.6}% 100
\BOOKMARK [1][-]{section.6.2}{\376\377\000B\000a\000c\000k\000l\000o\000g\000\040\000d\000u\000\040\000q\000u\000a\000t\000r\000i\000\350\000m\000e\000\040\000S\000p\000r\000i\000n\000t}{chapter.6}% 101
\BOOKMARK [1][-]{section.6.3}{\376\377\000S\000p\000\351\000c\000i\000f\000i\000c\000a\000t\000i\000o\000n\000\040\000f\000o\000n\000c\000t\000i\000o\000n\000n\000e\000l\000l\000e\000\040\000d\000u\000\040\000q\000u\000a\000t\000r\000i\000\350\000m\000e\000\040\000S\000p\000r\000i\000n\000t}{chapter.6}% 102
\BOOKMARK [2][-]{subsection.6.3.1}{\376\377\000D\000i\000a\000g\000r\000a\000m\000m\000e\000\040\000d\000e\000\040\000c\000a\000s\000\040\000d\000'\000u\000t\000i\000l\000i\000s\000a\000t\000i\000o\000n\000\040\000d\000u\000\040\000q\000u\000a\000t\000r\000i\000\350\000m\000e\000\040\000S\000p\000r\000i\000n\000t}{section.6.3}% 103
\BOOKMARK [2][-]{subsection.6.3.2}{\376\377\000D\000e\000s\000c\000r\000i\000p\000t\000i\000o\000n\000\040\000t\000e\000x\000t\000u\000e\000l\000l\000e\000\040\000d\000e\000s\000\040\000c\000a\000s\000\040\000d\000'\000u\000t\000i\000l\000i\000s\000a\000t\000i\000o\000n}{section.6.3}% 104
\BOOKMARK [1][-]{section.6.4}{\376\377\000C\000o\000n\000c\000e\000p\000t\000i\000o\000n\000\040\000d\000u\000\040\000q\000u\000a\000t\000r\000i\000\350\000m\000e\000\040\000S\000p\000r\000i\000n\000t}{chapter.6}% 105
\BOOKMARK [2][-]{subsection.6.4.1}{\376\377\000D\000i\000a\000g\000r\000a\000m\000m\000e\000\040\000d\000e\000\040\000c\000l\000a\000s\000s\000e\000s}{section.6.4}% 106
\BOOKMARK [2][-]{subsection.6.4.2}{\376\377\000D\000i\000a\000g\000r\000a\000m\000m\000e\000s\000\040\000d\000e\000\040\000s\000\351\000q\000u\000e\000n\000c\000e\000s}{section.6.4}% 107
\BOOKMARK [1][-]{section.6.5}{\376\377\000\311\000t\000u\000d\000e\000\040\000e\000t\000\040\000r\000\351\000a\000l\000i\000s\000a\000t\000i\000o\000n\000\040\000d\000u\000\040\000q\000u\000a\000t\000r\000i\000\350\000m\000e\000\040\000s\000p\000r\000i\000n\000t}{chapter.6}% 108
\BOOKMARK [2][-]{subsection.6.5.1}{\376\377\000G\000e\000s\000t\000i\000o\000n\000\040\000c\000o\000m\000p\000t\000a\000b\000l\000e\000\040\000e\000t\000\040\000e\000x\000p\000o\000r\000t\000\040\000S\000A\000G\000E}{section.6.5}% 109
\BOOKMARK [2][-]{subsection.6.5.2}{\376\377\000C\000o\000n\000f\000o\000r\000m\000i\000t\000\351\000\040\000r\000\351\000g\000l\000e\000m\000e\000n\000t\000a\000i\000r\000e}{section.6.5}% 110
\BOOKMARK [2][-]{subsection.6.5.3}{\376\377\000D\000o\000c\000u\000m\000e\000n\000t\000s\000\040\000a\000d\000m\000i\000n\000i\000s\000t\000r\000a\000t\000i\000f\000s\000\040\000R\000H}{section.6.5}% 111
\BOOKMARK [2][-]{subsection.6.5.4}{\376\377\000A\000s\000s\000i\000s\000t\000a\000n\000t\000\040\000c\000o\000n\000v\000e\000r\000s\000a\000t\000i\000o\000n\000n\000e\000l\000\040\000R\000H\000\040\000\050\000P\000a\000i\000e\000B\000o\000t\000\051}{section.6.5}% 112
\BOOKMARK [1][-]{section.6.6}{\376\377\000T\000e\000s\000t\000s\000\040\000e\000t\000\040\000V\000a\000l\000i\000d\000a\000t\000i\000o\000n}{chapter.6}% 113
\BOOKMARK [2][-]{subsection.6.6.1}{\376\377\000P\000l\000a\000n\000\040\000d\000e\000\040\000t\000e\000s\000t\000s}{section.6.6}% 114
\BOOKMARK [1][-]{section.6.7}{\376\377\000R\000i\000t\000u\000e\000l\000s\000\040\000A\000g\000i\000l\000e\000s\000\040\000e\000t\000\040\000C\000l\000\364\000t\000u\000r\000e\000\040\000d\000u\000\040\000S\000p\000r\000i\000n\000t}{chapter.6}% 115
\BOOKMARK [2][-]{subsection.6.7.1}{\376\377\000R\000e\000v\000u\000e\000\040\000d\000u\000\040\000S\000p\000r\000i\000n\000t\000\040\000\050\000S\000p\000r\000i\000n\000t\000\040\000R\000e\000v\000i\000e\000w\000\051}{section.6.7}% 116
\BOOKMARK [2][-]{subsection.6.7.2}{\376\377\000R\000\351\000t\000r\000o\000s\000p\000e\000c\000t\000i\000v\000e\000\040\000d\000u\000\040\000S\000p\000r\000i\000n\000t\000\040\000\050\000S\000p\000r\000i\000n\000t\000\040\000R\000e\000t\000r\000o\000s\000p\000e\000c\000t\000i\000v\000e\000\051}{section.6.7}% 117
\BOOKMARK [1][-]{subsection.6.7.2}{\376\377\000C\000o\000n\000c\000l\000u\000s\000i\000o\000n}{chapter.6}% 118
\BOOKMARK [0][-]{chapter*.1}{\376\377\000C\000o\000n\000c\000l\000u\000s\000i\000o\000n\000\040\000G\000\351\000n\000\351\000r\000a\000l\000e}{}% 119
\BOOKMARK [0][-]{chapter*.2}{\376\377\000B\000i\000b\000l\000i\000o\000g\000r\000a\000p\000h\000i\000e\000\040\000e\000t\000\040\000W\000e\000b\000o\000g\000r\000a\000p\000h\000i\000e}{}% 120
